-------------------------------------------------------------------------------
      name:  <unnamed>
       log:  H:\statisical software\Coding and Social Computing\GSLab-Template\
> gslab-template\venv-gslab-template\template\analysis\build/descriptive/correl
> ation.log
  log type:  text
 opened on:  16 Jul 2026, 20:42:53

. display " "
 

. display "CORRELATION ANALYSIS"
CORRELATION ANALYSIS

. display " "
 

. correlate age income education_years
(obs=10,003)

             |      age   income educat~s
-------------+---------------------------
         age |   1.0000
      income |   0.0054   1.0000
education_~s |  -0.0018  -0.0077   1.0000


. log close
      name:  <unnamed>
       log:  H:\statisical software\Coding and Social Computing\GSLab-Template\
> gslab-template\venv-gslab-template\template\analysis\build/descriptive/correl
> ation.log
  log type:  text
 closed on:  16 Jul 2026, 20:42:53
-------------------------------------------------------------------------------
