-------------------------------------------------------------------------------
      name:  <unnamed>
       log:  H:\statisical software\Coding and Social Computing\GSLab-Template\
> gslab-template\venv-gslab-template\template\analysis\build/descriptive/summar
> y.log
  log type:  text
 opened on:  16 Jul 2026, 20:42:53

. display " "
 

. display "DESCRIPTIVE STATISTICS SUMMARY"
DESCRIPTIVE STATISTICS SUMMARY

. display " "
 

. describe

Contains data
 Observations:        10,003                  
    Variables:             4                  
-------------------------------------------------------------------------------
Variable      Storage   Display    Value
    name         type    format    label      Variable label
-------------------------------------------------------------------------------
id              int     %8.0g                 
age             byte    %8.0g                 
income          long    %12.0g                
education_years byte    %8.0g                 
-------------------------------------------------------------------------------
Sorted by: 
     Note: Dataset has changed since last saved.

. summarize age income education_years

    Variable |        Obs        Mean    Std. dev.       Min        Max
-------------+---------------------------------------------------------
         age |     10,003    42.04079    13.04034         20         64
      income |     10,003    65210.88    20238.91      30019      99989
education_~s |     10,003    14.03439     3.73184          8         20

. log close
      name:  <unnamed>
       log:  H:\statisical software\Coding and Social Computing\GSLab-Template\
> gslab-template\venv-gslab-template\template\analysis\build/descriptive/summar
> y.log
  log type:  text
 closed on:  16 Jul 2026, 20:42:53
-------------------------------------------------------------------------------
