*** New build: {2026-07-16 20:42:48} ***
scons: done reading SConscript files.
scons: Building targets ...
build_stata(["build\prepare_data\data.txt"], ["source\prepare_data\create_data.do"])
build_stata(["build\descriptive\summary.log", "build\descriptive\correlation.log"], ["source\descriptive\descriptive.do", "build\prepare_data\data.txt"])
Install directory: "build\descriptive" as "release\descriptive"
Install file: "build\prepare_data\data.txt" as "release\lg\data.txt"
scons: done building targets.
*** Build completed: {2026-07-16 20:42:54} ***
 
 
H:\statisical software\Coding and Social Computing\GSLab-Template\gslab-template\venv-gslab-template\template\analysis\build\descriptive\sconscript_descriptive.log
*** Builder log created: {2026-07-16 20:42:50}
*** Builder log completed: {2026-07-16 20:42:53}

  ___  ____  ____  ____  ____ ®
 /__    /   ____/   /   ____/      StataNow 19.5
___/   /   /___/   /   /___/       SE—Standard Edition

 Statistics and Data Science       Copyright 1985-2025 StataCorp LLC
                                   StataCorp
                                   4905 Lakeway Drive
                                   College Station, Texas 77845 USA
                                   800-782-8272        https://www.stata.com
                                   979-696-4600        service@stata.com

Stata license: Unlimited-user network, expiring 10 Feb 2027
Serial number: 401909358955
  Licensed to: Yu Zhou
               CHUK-SZ

Notes:
      1. Stata is running in batch mode.
      2. Unicode is supported; see help unicode_advice.
      3. Maximum number of variables is set to 5,000 but can be increased;
          see help set_maxvar.

. do source\descriptive\descriptive.do 

. version 14

. set more off

. 
. * Load data with proper delimiter settings
. import delimited "build/prepare_data/data.txt", delimiter("|") clear
(4 vars, 10,003 obs)

. 
. * Run descriptive stats and save to file
. log using "build/descriptive/summary.log", text replace
(file H:\statisical software\Coding and Social
    Computing\GSLab-Template\gslab-template\venv-gslab-template\template\anal
    > ysis\build/descriptive/summary.log not found)
-------------------------------------------------------------------------------
      name:  <unnamed>
       log:  H:\statisical software\Coding and Social Computing\GSLab-Template\
> gslab-template\venv-gslab-template\template\analysis\build/descriptive/summar
> y.log
  log type:  text
 opened on:  16 Jul 2026, 20:42:53

. display " "
 

. display "DESCRIPTIVE STATISTICS SUMMARY"
DESCRIPTIVE STATISTICS SUMMARY

. display " "
 

. describe

Contains data
 Observations:        10,003                  
    Variables:             4                  
-------------------------------------------------------------------------------
Variable      Storage   Display    Value
    name         type    format    label      Variable label
-------------------------------------------------------------------------------
id              int     %8.0g                 
age             byte    %8.0g                 
income          long    %12.0g                
education_years byte    %8.0g                 
-------------------------------------------------------------------------------
Sorted by: 
     Note: Dataset has changed since last saved.

. summarize age income education_years

    Variable |        Obs        Mean    Std. dev.       Min        Max
-------------+---------------------------------------------------------
         age |     10,003    42.04079    13.04034         20         64
      income |     10,003    65210.88    20238.91      30019      99989
education_~s |     10,003    14.03439     3.73184          8         20

. log close
      name:  <unnamed>
       log:  H:\statisical software\Coding and Social Computing\GSLab-Template\
> gslab-template\venv-gslab-template\template\analysis\build/descriptive/summar
> y.log
  log type:  text
 closed on:  16 Jul 2026, 20:42:53
-------------------------------------------------------------------------------

. 
. * Create correlation file
. log using "build/descriptive/correlation.log", text replace
(file H:\statisical software\Coding and Social
    Computing\GSLab-Template\gslab-template\venv-gslab-template\template\anal
    > ysis\build/descriptive/correlation.log not found)
-------------------------------------------------------------------------------
      name:  <unnamed>
       log:  H:\statisical software\Coding and Social Computing\GSLab-Template\
> gslab-template\venv-gslab-template\template\analysis\build/descriptive/correl
> ation.log
  log type:  text
 opened on:  16 Jul 2026, 20:42:53

. display " "
 

. display "CORRELATION ANALYSIS"
CORRELATION ANALYSIS

. display " "
 

. correlate age income education_years
(obs=10,003)

             |      age   income educat~s
-------------+---------------------------
         age |   1.0000
      income |   0.0054   1.0000
education_~s |  -0.0018  -0.0077   1.0000


. log close
      name:  <unnamed>
       log:  H:\statisical software\Coding and Social Computing\GSLab-Template\
> gslab-template\venv-gslab-template\template\analysis\build/descriptive/correl
> ation.log
  log type:  text
 closed on:  16 Jul 2026, 20:42:53
-------------------------------------------------------------------------------

. 
. display "All analyses complete!"
All analyses complete!

. 
end of do-file
H:\statisical software\Coding and Social Computing\GSLab-Template\gslab-template\venv-gslab-template\template\analysis\release\descriptive\sconscript_descriptive.log
*** Builder log created: {2026-07-16 20:42:50}
*** Builder log completed: {2026-07-16 20:42:53}

  ___  ____  ____  ____  ____ ®
 /__    /   ____/   /   ____/      StataNow 19.5
___/   /   /___/   /   /___/       SE—Standard Edition

 Statistics and Data Science       Copyright 1985-2025 StataCorp LLC
                                   StataCorp
                                   4905 Lakeway Drive
                                   College Station, Texas 77845 USA
                                   800-782-8272        https://www.stata.com
                                   979-696-4600        service@stata.com

Stata license: Unlimited-user network, expiring 10 Feb 2027
Serial number: 401909358955
  Licensed to: Yu Zhou
               CHUK-SZ

Notes:
      1. Stata is running in batch mode.
      2. Unicode is supported; see help unicode_advice.
      3. Maximum number of variables is set to 5,000 but can be increased;
          see help set_maxvar.

. do source\descriptive\descriptive.do 

. version 14

. set more off

. 
. * Load data with proper delimiter settings
. import delimited "build/prepare_data/data.txt", delimiter("|") clear
(4 vars, 10,003 obs)

. 
. * Run descriptive stats and save to file
. log using "build/descriptive/summary.log", text replace
(file H:\statisical software\Coding and Social
    Computing\GSLab-Template\gslab-template\venv-gslab-template\template\anal
    > ysis\build/descriptive/summary.log not found)
-------------------------------------------------------------------------------
      name:  <unnamed>
       log:  H:\statisical software\Coding and Social Computing\GSLab-Template\
> gslab-template\venv-gslab-template\template\analysis\build/descriptive/summar
> y.log
  log type:  text
 opened on:  16 Jul 2026, 20:42:53

. display " "
 

. display "DESCRIPTIVE STATISTICS SUMMARY"
DESCRIPTIVE STATISTICS SUMMARY

. display " "
 

. describe

Contains data
 Observations:        10,003                  
    Variables:             4                  
-------------------------------------------------------------------------------
Variable      Storage   Display    Value
    name         type    format    label      Variable label
-------------------------------------------------------------------------------
id              int     %8.0g                 
age             byte    %8.0g                 
income          long    %12.0g                
education_years byte    %8.0g                 
-------------------------------------------------------------------------------
Sorted by: 
     Note: Dataset has changed since last saved.

. summarize age income education_years

    Variable |        Obs        Mean    Std. dev.       Min        Max
-------------+---------------------------------------------------------
         age |     10,003    42.04079    13.04034         20         64
      income |     10,003    65210.88    20238.91      30019      99989
education_~s |     10,003    14.03439     3.73184          8         20

. log close
      name:  <unnamed>
       log:  H:\statisical software\Coding and Social Computing\GSLab-Template\
> gslab-template\venv-gslab-template\template\analysis\build/descriptive/summar
> y.log
  log type:  text
 closed on:  16 Jul 2026, 20:42:53
-------------------------------------------------------------------------------

. 
. * Create correlation file
. log using "build/descriptive/correlation.log", text replace
(file H:\statisical software\Coding and Social
    Computing\GSLab-Template\gslab-template\venv-gslab-template\template\anal
    > ysis\build/descriptive/correlation.log not found)
-------------------------------------------------------------------------------
      name:  <unnamed>
       log:  H:\statisical software\Coding and Social Computing\GSLab-Template\
> gslab-template\venv-gslab-template\template\analysis\build/descriptive/correl
> ation.log
  log type:  text
 opened on:  16 Jul 2026, 20:42:53

. display " "
 

. display "CORRELATION ANALYSIS"
CORRELATION ANALYSIS

. display " "
 

. correlate age income education_years
(obs=10,003)

             |      age   income educat~s
-------------+---------------------------
         age |   1.0000
      income |   0.0054   1.0000
education_~s |  -0.0018  -0.0077   1.0000


. log close
      name:  <unnamed>
       log:  H:\statisical software\Coding and Social Computing\GSLab-Template\
> gslab-template\venv-gslab-template\template\analysis\build/descriptive/correl
> ation.log
  log type:  text
 closed on:  16 Jul 2026, 20:42:53
-------------------------------------------------------------------------------

. 
. display "All analyses complete!"
All analyses complete!

. 
end of do-file
H:\statisical software\Coding and Social Computing\GSLab-Template\gslab-template\venv-gslab-template\template\analysis\build\prepare_data\sconscript_create_data.log
*** Builder log created: {2026-07-16 20:42:48}
*** Builder log completed: {2026-07-16 20:42:50}

  ___  ____  ____  ____  ____ ®
 /__    /   ____/   /   ____/      StataNow 19.5
___/   /   /___/   /   /___/       SE—Standard Edition

 Statistics and Data Science       Copyright 1985-2025 StataCorp LLC
                                   StataCorp
                                   4905 Lakeway Drive
                                   College Station, Texas 77845 USA
                                   800-782-8272        https://www.stata.com
                                   979-696-4600        service@stata.com

Stata license: Unlimited-user network, expiring 10 Feb 2027
Serial number: 401909358955
  Licensed to: Yu Zhou
               CHUK-SZ

Notes:
      1. Stata is running in batch mode.
      2. Unicode is supported; see help unicode_advice.
      3. Maximum number of variables is set to 5,000 but can be increased;
          see help set_maxvar.

. do source\prepare_data\create_data.do 

. version 14

. set more off

. 
. * Generate sample data
. set obs 10003
Number of observations (_N) was 0, now 10,003.

. gen id = _n

. gen age = 20 + int(45 * runiform())

. gen income = 30000 + int(70000 * runiform())

. gen education_years = 8 + int(13 * runiform())

. 
. * Save to text file
. export delimited using "build/prepare_data/data.txt", delimiter("|") replace
(file build/prepare_data/data.txt not found)
file build/prepare_data/data.txt saved

. 
end of do-file
