WARNING: Information about .sconsign.dblite may be misleading
as it can be edited after state_of_repo.log finishes running

===================================

 *** GIT STATUS ***

===================================
Last commit:

commit 854065aefcfb1b70b5cce4a3363274fa33115aa8
Author: AndyZhou <harrisonzhou66@163.com>
Date:   Tue Jun 2 22:54:23 2026 +0800

    change how the gslab_python is downloaded from my githu in the config/requirements.txt, and rerun the template


Files changed since last commit:


warning: LF will be replaced by CRLF in analysis/release/state_of_repo.log.
The file will have its original line endings in your working directory
analysis/release/descriptive/correlation.log
analysis/release/descriptive/sconscript_descriptive.log
analysis/release/descriptive/summary.log
analysis/release/sconstruct.log
analysis/release/state_of_repo.log
analysis/source/prepare_data/SConscript
analysis/source/prepare_data/create_data.do

===================================

 *** FILE STATUS ***

===================================
.\config_global.yaml:
   modified on: 02 Jun 2026 02:13:56
   size of file: 1310
.\config_user.yaml:
   modified on: 02 Jun 2026 02:18:22
   size of file: 290
.\run.py:
   modified on: 02 Jun 2026 22:31:51
   size of file: 301
.\SConstruct:
   modified on: 02 Jun 2026 02:12:57
   size of file: 1930
.\sconstruct.log:
   modified on: 16 Jul 2026 20:42:53
   size of file: 517
.\state_of_repo.log:
   modified on: 16 Jul 2026 20:42:54
   size of file: 968
.\build\descriptive\correlation.log:
   modified on: 16 Jul 2026 20:42:53
   size of file: 1031
.\build\descriptive\sconscript_descriptive.log:
   modified on: 16 Jul 2026 20:42:53
   size of file: 4839
.\build\descriptive\summary.log:
   modified on: 16 Jul 2026 20:42:53
   size of file: 1933
.\build\prepare_data\data.txt:
   modified on: 16 Jul 2026 20:42:50
   size of file: 177465
.\build\prepare_data\sconscript_create_data.log:
   modified on: 16 Jul 2026 20:42:50
   size of file: 1545
.\release\sconstruct.log:
   modified on: 16 Jul 2026 20:40:53
   size of file: 259
.\release\state_of_repo.log:
   modified on: 16 Jul 2026 20:40:53
   size of file: 3508
.\release\descriptive\correlation.log:
   modified on: 16 Jul 2026 20:42:53
   size of file: 1031
.\release\descriptive\sconscript_descriptive.log:
   modified on: 16 Jul 2026 20:42:53
   size of file: 4839
.\release\descriptive\summary.log:
   modified on: 16 Jul 2026 20:42:53
   size of file: 1933
.\release\lg\data.txt:
   modified on: 16 Jul 2026 20:42:50
   size of file: 177465
.\source\descriptive\descriptive.do:
   modified on: 02 Jun 2026 22:23:19
   size of file: 579
.\source\descriptive\descriptive.py:
   modified on: 02 Jun 2026 00:55:58
   size of file: 548
.\source\descriptive\SConscript:
   modified on: 02 Jun 2026 02:24:14
   size of file: 510
.\source\prepare_data\create_data.do:
   modified on: 16 Jul 2026 20:42:28
   size of file: 312
.\source\prepare_data\create_data.m:
   modified on: 02 Jun 2026 00:55:58
   size of file: 213
.\source\prepare_data\create_data.py:
   modified on: 02 Jun 2026 01:42:18
   size of file: 284
.\source\prepare_data\create_data.r:
   modified on: 02 Jun 2026 00:55:58
   size of file: 259
.\source\prepare_data\create_data.sh:
   modified on: 02 Jun 2026 00:55:58
   size of file: 83
.\source\prepare_data\SConscript:
   modified on: 16 Jul 2026 20:40:09
   size of file: 1171
